[33mΓ¥»[39m Building...
[32mΓ£ö[39m Building...
Application bundle generation failed. [1.767 seconds] - 2026-02-21T17:22:03.595Z

node.exe : 
[1m[33m[33mΓû▓ [43;
33m[[43;30mWARNING[43
;33m][0m [1mNG8113: 
RouterLink is not used 
within the template of 
AboutComponent[0m 
[1m[35m[plugin 
angular-compiler][0m
At line:1 char:1
+ & 
"D:\NodeJS/node.exe" "D
:\NodeJS/node_modules/n
pm/bin/npx-cli.js" ng 
...
+ ~~~~~~~~~~~~~~~~~~~~~
~~~~~~~~~~~~~~~~~~~~~~~
~~~~~~~~~~~~~~~~~~~~~~~
~~
    + CategoryInfo     
         : NotSpecifi  
  ed: ([1m[33m[33   
 mΓ...r-compiler][    
0m:String) [], Rem    
oteException
    + FullyQualifiedEr 
   rorId : NativeComm  
  andError
 

    src/app/pages/about
/about.component.ts:8:1
2:
[37m      8 Γöé   
imports: 
[[32mRouterLink[37m, 
HeroComponent],
        Γò╡            
 [32m~~~~~~~~~~[0m


[33mΓû▓ [43;33m[[43;
30mWARNING[43;33m][0m
 [1mNG8113: NgClass 
is not used within the 
template of 
ContactComponent[0m 
[1m[35m[plugin 
angular-compiler][0m

    src/app/pages/conta
ct/contact.component.ts
:9:33:
[37m      9 Γöé   
imports: 
[ReactiveFormsModule, 
[32mNgClass[37m, 
HeroComponent],
        Γò╡            
                      
[32m~~~~~~~[0m


[33mΓû▓ [43;33m[[43;
30mWARNING[43;33m][0m
 [1mNG8113: NgClass 
is not used within the 
template of 
PortfolioComponent[0m 
[1m[35m[plugin 
angular-compiler][0m

    src/app/pages/portf
olio/portfolio.componen
t.ts:9:39:
[37m      9 Γöé   
imports: [RouterLink, 
HeroComponent, 
[32mNgClass[37m],
        Γò╡            
                       
     [32m~~~~~~~[0m


[33mΓû▓ [43;33m[[43;
30mWARNING[43;33m][0m
 [1mNG8113: NgClass 
is not used within the 
template of 
NavbarComponent[0m 
[1m[35m[plugin 
angular-compiler][0m

    src/app/shared/navb
ar/navbar.component.ts:
8:42:
[37m      8 Γöé   
imports: [RouterLink, 
RouterLinkActive, 
[32mNgClass[37m],
        Γò╡            
                       
        
[32m~~~~~~~[0m

[39m[22m
[1m[31m[31mX [41;31
m[[41;97mERROR[41;31m
][0m [1mTS2305: 
Module '"./app/app"' 
has no exported member 
'App'.[0m 
[1m[35m[plugin 
angular-compiler][0m

    src/main.ts:3:9:
[37m      3 Γöé 
import { [32mApp[37m 
} from './app/app';
        Γò╡          
[32m~~~[0m


[31mX [41;31m[[41;97
mERROR[41;31m][0m 
[1mCould not resolve "
@angular/animations/bro
wser"[0m

    node_modules/@angul
ar/platform-browser/fes
m2022/animations-async.
mjs:37:53:
[37m      37 Γöé 
....moduleImpl ?? impor
t([32m'@angular/animat
ions/browser'[37m).the
n(m => m);
         Γò╡           
               [32m~~~
~~~~~~~~~~~~~~~~~~~~~~~
~~~[0m

  You can mark the 
path "@angular/animatio
ns/browser" as 
external to exclude it 
from the bundle, which 
will remove this error 
and leave the 
unresolved path in the 
bundle. You can also 
add ".catch()" here to 
handle this failure at 
run-time instead of 
bundle-time.

[39m[22m
